// Jest Snapshot v1, https://goo.gl/fbAQLP

exports[`should render expense list 1`] = `
<div>
  <ExpenseListItem
    amount={195}
    createdAt={0}
    description="Gum"
    id="1"
    key="1"
    note=""
  />
  <ExpenseListItem
    amount={19500}
    createdAt={-86400000}
    description="Rent"
    id="2"
    key="2"
    note=""
  />
  <ExpenseListItem
    amount={295}
    createdAt={345600000}
    description="Credit Card"
    id="3"
    key="3"
    note=""
  />
</div>
`;

exports[`should render expense list 2`] = `
<div>
  <p>
    No expenses found
  </p>
</div>
`;
